[moviemaker.minitool.com/moviemaker/facebook-cover-photo-maker.html]
[backblue.gif]
[fade.gif]
[index.html]
[moviemaker.minitool.com/js/jquery-3.6.0.min.js]
[moviemaker.minitool.com/css/article5d28.css]
[moviemaker.minitool.com/js/main.mine486.js]
[securepubads.g.doubleclick.net/tag/js/gpt.js]
[moviemaker.minitool.com/images/logo.png]
[moviemaker.minitool.com/images/mm-logo.png]
[moviemaker.minitool.com/moviemaker/slideshow-music.html]
[moviemaker.minitool.com/moviemaker/index.html]
[moviemaker.minitool.com/moviemaker/sites-like-shutterstock.html]
[moviemaker.minitool.com/moviemaker/video-background.html]
[moviemaker.minitool.com/cdn-cgi/scripts/5c5dd728/cloudflare-static/email-decode.min.js]
[moviemaker.minitool.com/js/other.min16fe.js]
[moviemaker.minitool.com/moviemaker/facebook-cover-photo-maker.html]
[moviemaker.minitool.com/css/article5d28.css]
[www.googletagmanager.com/gtm5445.html]
[moviemaker.minitool.com/moviemaker/index.html]
[moviemaker.minitool.com/moviemaker/slideshow-music.html]
[moviemaker.minitool.com/moviemaker/sites-like-shutterstock.html]
[moviemaker.minitool.com/moviemaker/video-background.html]
